I'm sorry, but errors were detected in your script. Please correct the
errors listed below, and try again.


File "game/script.rpy", line 175: expected 'comma or end of line' not found.
    with fade
    ^

Ren'Py Version: Ren'Py 8.1.3.23091805
Thu Apr  4 17:27:47 2024
